Archive member included to satisfy reference by file (symbol)

C:/ST/STM32CubeIDE_1.15.1/STM32CubeIDE/plugins/com.st.stm32cube.ide.mcu.externaltools.gnu-tools-for-stm32.12.3.rel1.win32_1.0.100.202403111256/tools/bin/../lib/gcc/arm-none-eabi/12.3.1/../../../../arm-none-eabi/lib/thumb/v7e-m+fp/hard\libc_nano.a(libc_a-exit.o)
                              C:/ST/STM32CubeIDE_1.15.1/STM32CubeIDE/plugins/com.st.stm32cube.ide.mcu.externaltools.gnu-tools-for-stm32.12.3.rel1.win32_1.0.100.202403111256/tools/bin/../lib/gcc/arm-none-eabi/12.3.1/../../../../arm-none-eabi/lib/thumb/v7e-m+fp/hard/crt0.o (exit)
C:/ST/STM32CubeIDE_1.15.1/STM32CubeIDE/plugins/com.st.stm32cube.ide.mcu.externaltools.gnu-tools-for-stm32.12.3.rel1.win32_1.0.100.202403111256/tools/bin/../lib/gcc/arm-none-eabi/12.3.1/../../../../arm-none-eabi/lib/thumb/v7e-m+fp/hard\libc_nano.a(libc_a-findfp.o)
                              C:/ST/STM32CubeIDE_1.15.1/STM32CubeIDE/plugins/com.st.stm32cube.ide.mcu.externaltools.gnu-tools-for-stm32.12.3.rel1.win32_1.0.100.202403111256/tools/bin/../lib/gcc/arm-none-eabi/12.3.1/../../../../arm-none-eabi/lib/thumb/v7e-m+fp/hard\libc_nano.a(libc_a-exit.o) (__stdio_exit_handler)
C:/ST/STM32CubeIDE_1.15.1/STM32CubeIDE/plugins/com.st.stm32cube.ide.mcu.externaltools.gnu-tools-for-stm32.12.3.rel1.win32_1.0.100.202403111256/tools/bin/../lib/gcc/arm-none-eabi/12.3.1/../../../../arm-none-eabi/lib/thumb/v7e-m+fp/hard\libc_nano.a(libc_a-fwalk.o)
                              C:/ST/STM32CubeIDE_1.15.1/STM32CubeIDE/plugins/com.st.stm32cube.ide.mcu.externaltools.gnu-tools-for-stm32.12.3.rel1.win32_1.0.100.202403111256/tools/bin/../lib/gcc/arm-none-eabi/12.3.1/../../../../arm-none-eabi/lib/thumb/v7e-m+fp/hard\libc_nano.a(libc_a-findfp.o) (_fwalk_sglue)
C:/ST/STM32CubeIDE_1.15.1/STM32CubeIDE/plugins/com.st.stm32cube.ide.mcu.externaltools.gnu-tools-for-stm32.12.3.rel1.win32_1.0.100.202403111256/tools/bin/../lib/gcc/arm-none-eabi/12.3.1/../../../../arm-none-eabi/lib/thumb/v7e-m+fp/hard\libc_nano.a(libc_a-stdio.o)
                              C:/ST/STM32CubeIDE_1.15.1/STM32CubeIDE/plugins/com.st.stm32cube.ide.mcu.externaltools.gnu-tools-for-stm32.12.3.rel1.win32_1.0.100.202403111256/tools/bin/../lib/gcc/arm-none-eabi/12.3.1/../../../../arm-none-eabi/lib/thumb/v7e-m+fp/hard\libc_nano.a(libc_a-findfp.o) (__sread)
C:/ST/STM32CubeIDE_1.15.1/STM32CubeIDE/plugins/com.st.stm32cube.ide.mcu.externaltools.gnu-tools-for-stm32.12.3.rel1.win32_1.0.100.202403111256/tools/bin/../lib/gcc/arm-none-eabi/12.3.1/../../../../arm-none-eabi/lib/thumb/v7e-m+fp/hard\libc_nano.a(libc_a-memset.o)
                              C:/ST/STM32CubeIDE_1.15.1/STM32CubeIDE/plugins/com.st.stm32cube.ide.mcu.externaltools.gnu-tools-for-stm32.12.3.rel1.win32_1.0.100.202403111256/tools/bin/../lib/gcc/arm-none-eabi/12.3.1/../../../../arm-none-eabi/lib/thumb/v7e-m+fp/hard/crt0.o (memset)
C:/ST/STM32CubeIDE_1.15.1/STM32CubeIDE/plugins/com.st.stm32cube.ide.mcu.externaltools.gnu-tools-for-stm32.12.3.rel1.win32_1.0.100.202403111256/tools/bin/../lib/gcc/arm-none-eabi/12.3.1/../../../../arm-none-eabi/lib/thumb/v7e-m+fp/hard\libc_nano.a(libc_a-closer.o)
                              C:/ST/STM32CubeIDE_1.15.1/STM32CubeIDE/plugins/com.st.stm32cube.ide.mcu.externaltools.gnu-tools-for-stm32.12.3.rel1.win32_1.0.100.202403111256/tools/bin/../lib/gcc/arm-none-eabi/12.3.1/../../../../arm-none-eabi/lib/thumb/v7e-m+fp/hard\libc_nano.a(libc_a-stdio.o) (_close_r)
C:/ST/STM32CubeIDE_1.15.1/STM32CubeIDE/plugins/com.st.stm32cube.ide.mcu.externaltools.gnu-tools-for-stm32.12.3.rel1.win32_1.0.100.202403111256/tools/bin/../lib/gcc/arm-none-eabi/12.3.1/../../../../arm-none-eabi/lib/thumb/v7e-m+fp/hard\libc_nano.a(libc_a-reent.o)
                              C:/ST/STM32CubeIDE_1.15.1/STM32CubeIDE/plugins/com.st.stm32cube.ide.mcu.externaltools.gnu-tools-for-stm32.12.3.rel1.win32_1.0.100.202403111256/tools/bin/../lib/gcc/arm-none-eabi/12.3.1/../../../../arm-none-eabi/lib/thumb/v7e-m+fp/hard\libc_nano.a(libc_a-closer.o) (errno)
C:/ST/STM32CubeIDE_1.15.1/STM32CubeIDE/plugins/com.st.stm32cube.ide.mcu.externaltools.gnu-tools-for-stm32.12.3.rel1.win32_1.0.100.202403111256/tools/bin/../lib/gcc/arm-none-eabi/12.3.1/../../../../arm-none-eabi/lib/thumb/v7e-m+fp/hard\libc_nano.a(libc_a-impure.o)
                              C:/ST/STM32CubeIDE_1.15.1/STM32CubeIDE/plugins/com.st.stm32cube.ide.mcu.externaltools.gnu-tools-for-stm32.12.3.rel1.win32_1.0.100.202403111256/tools/bin/../lib/gcc/arm-none-eabi/12.3.1/../../../../arm-none-eabi/lib/thumb/v7e-m+fp/hard\libc_nano.a(libc_a-reent.o) (_impure_ptr)
C:/ST/STM32CubeIDE_1.15.1/STM32CubeIDE/plugins/com.st.stm32cube.ide.mcu.externaltools.gnu-tools-for-stm32.12.3.rel1.win32_1.0.100.202403111256/tools/bin/../lib/gcc/arm-none-eabi/12.3.1/../../../../arm-none-eabi/lib/thumb/v7e-m+fp/hard\libc_nano.a(libc_a-lseekr.o)
[...]
Memory Configuration

Name             Origin             Length             Attributes
RAM              0x20000000         0x00020000         xrw
FLASH            0x08000000         0x00080000         xr
*default*        0x00000000         0xffffffff

Linker script and memory map

LOAD C:/ST/STM32CubeIDE_1.15.1/STM32CubeIDE/plugins/com.st.stm32cube.ide.mcu.externaltools.gnu-tools-for-stm32.12.3.rel1.win32_1.0.100.202403111256/tools/bin/../lib/gcc/arm-none-eabi/12.3.1/thumb/v7e-m+fp/hard/crti.o
LOAD C:/ST/STM32CubeIDE_1.15.1/STM32CubeIDE/plugins/com.st.stm32cube.ide.mcu.externaltools.gnu-tools-for-stm32.12.3.rel1.win32_1.0.100.202403111256/tools/bin/../lib/gcc/arm-none-eabi/12.3.1/thumb/v7e-m+fp/hard/crtbegin.o
LOAD C:/ST/STM32CubeIDE_1.15.1/STM32CubeIDE/plugins/com.st.stm32cube.ide.mcu.externaltools.gnu-tools-for-stm32.12.3.rel1.win32_1.0.100.202403111256/tools/bin/../lib/gcc/arm-none-eabi/12.3.1/../../../../arm-none-eabi/lib/thumb/v7e-m+fp/hard/crt0.o
LOAD ./Inc/gpio.o
LOAD ./Inc/init.o
LOAD ./Inc/interrupt.o
LOAD ./Inc/sevenseg.o
LOAD ./Inc/sevensegFunctions.o
LOAD ./Src/main.o
LOAD ./Src/syscalls.o
LOAD ./Src/sysmem.o
LOAD ./Startup/startup_stm32f411retx.o
START GROUP
LOAD C:/ST/STM32CubeIDE_1.15.1/STM32CubeIDE/plugins/com.st.stm32cube.ide.mcu.externaltools.gnu-tools-for-stm32.12.3.rel1.win32_1.0.100.202403111256/tools/bin/../lib/gcc/arm-none-eabi/12.3.1/../../../../arm-none-eabi/lib/thumb/v7e-m+fp/hard\libc_nano.a
LOAD C:/ST/STM32CubeIDE_1.15.1/STM32CubeIDE/plugins/com.st.stm32cube.ide.mcu.externaltools.gnu-tools-for-stm32.12.3.rel1.win32_1.0.100.202403111256/tools/bin/../lib/gcc/arm-none-eabi/12.3.1/../../../../arm-none-eabi/lib/thumb/v7e-m+fp/hard\libm.a
END GROUP
START GROUP
LOAD C:/ST/STM32CubeIDE_1.15.1/STM32CubeIDE/plugins/com.st.stm32cube.ide.mcu.externaltools.gnu-tools-for-stm32.12.3.rel1.win32_1.0.100.202403111256/tools/bin/../lib/gcc/arm-none-eabi/12.3.1/thumb/v7e-m+fp/hard\libgcc.a
LOAD C:/ST/STM32CubeIDE_1.15.1/STM32CubeIDE/plugins/com.st.stm32cube.ide.mcu.externaltools.gnu-tools-for-stm32.12.3.rel1.win32_1.0.100.202403111256/tools/bin/../lib/gcc/arm-none-eabi/12.3.1/../../../../arm-none-eabi/lib/thumb/v7e-m+fp/hard\libc_nano.a
END GROUP
START GROUP
LOAD C:/ST/STM32CubeIDE_1.15.1/STM32CubeIDE/plugins/com.st.stm32cube.ide.mcu.externaltools.gnu-tools-for-stm32.12.3.rel1.win32_1.0.100.202403111256/tools/bin/../lib/gcc/arm-none-eabi/12.3.1/thumb/v7e-m+fp/hard\libgcc.a
LOAD C:/ST/STM32CubeIDE_1.15.1/STM32CubeIDE/plugins/com.st.stm32cube.ide.mcu.externaltools.gnu-tools-for-stm32.12.3.rel1.win32_1.0.100.202403111256/tools/bin/../lib/gcc/arm-none-eabi/12.3.1/../../../../arm-none-eabi/lib/thumb/v7e-m+fp/hard\libc_nano.a
LOAD C:/ST/STM32CubeIDE_1.15.1/STM32CubeIDE/plugins/com.st.stm32cube.ide.mcu.externaltools.gnu-tools-for-stm32.12.3.rel1.win32_1.0.100.202403111256/tools/bin/../lib/gcc/arm-none-eabi/12.3.1/../../../../arm-none-eabi/lib/thumb/v7e-m+fp/hard\libnosys.a
END GROUP
START GROUP
LOAD C:/ST/STM32CubeIDE_1.15.1/STM32CubeIDE/plugins/com.st.stm32cube.ide.mcu.externaltools.gnu-tools-for-stm32.12.3.rel1.win32_1.0.100.202403111256/tools/bin/../lib/gcc/arm-none-eabi/12.3.1/thumb/v7e-m+fp/hard\libgcc.a
LOAD C:/ST/STM32CubeIDE_1.15.1/STM32CubeIDE/plugins/com.st.stm32cube.ide.mcu.externaltools.gnu-tools-for-stm32.12.3.rel1.win32_1.0.100.202403111256/tools/bin/../lib/gcc/arm-none-eabi/12.3.1/../../../../arm-none-eabi/lib/thumb/v7e-m+fp/hard\libc_nano.a
LOAD C:/ST/STM32CubeIDE_1.15.1/STM32CubeIDE/plugins/com.st.stm32cube.ide.mcu.externaltools.gnu-tools-for-stm32.12.3.rel1.win32_1.0.100.202403111256/tools/bin/../lib/gcc/arm-none-eabi/12.3.1/../../../../arm-none-eabi/lib/thumb/v7e-m+fp/hard\libnosys.a
END GROUP
LOAD C:/ST/STM32CubeIDE_1.15.1/STM32CubeIDE/plugins/com.st.stm32cube.ide.mcu.externaltools.gnu-tools-for-stm32.12.3.rel1.win32_1.0.100.202403111256/tools/bin/../lib/gcc/arm-none-eabi/12.3.1/thumb/v7e-m+fp/hard/crtend.o
LOAD C:/ST/STM32CubeIDE_1.15.1/STM32CubeIDE/plugins/com.st.stm32cube.ide.mcu.externaltools.gnu-tools-for-stm32.12.3.rel1.win32_1.0.100.202403111256/tools/bin/../lib/gcc/arm-none-eabi/12.3.1/thumb/v7e-m+fp/hard/crtn.o
                0x20020000                        _estack = (ORIGIN (RAM) + LENGTH (RAM))
                0x00000200                        _Min_Heap_Size = 0x200
                0x00000400                        _Min_Stack_Size = 0x400

.isr_vector     0x08000000      0x198
                0x08000000                        . = ALIGN (0x4)
 *(.isr_vector)
 .isr_vector    0x08000000      0x198 ./Startup/startup_stm32f411retx.o
                0x08000000                g_pfnVectors
                0x08000198                        . = ALIGN (0x4)

.text           0x08000198     0x1ed8
                0x08000198                        . = ALIGN (0x4)
 *(.text)
 .text          0x08000198       0x40 C:/ST/STM32CubeIDE_1.15.1/STM32CubeIDE/plugins/com.st.stm32cube.ide.mcu.externaltools.gnu-tools-for-stm32.12.3.rel1.win32_1.0.100.202403111256/tools/bin/../lib/gcc/arm-none-eabi/12.3.1/thumb/v7e-m+fp/hard/crtbegin.o
 *(.text*)
 .text.__NVIC_EnableIRQ
                0x080001d8       0x3c ./Inc/gpio.o
 .text.delay    0x08000214       0x3a ./Inc/gpio.o
                0x08000214                delay
 *fill*         0x0800024e        0x2 
 .text.gpio_Output
                0x08000250      0x194 ./Inc/gpio.o
                0x08000250                gpio_Output
 .text.gpio_ON  0x080003e4       0xc4 ./Inc/gpio.o
                0x080003e4                gpio_ON
 .text.gpio_OFF
                0x080004a8      0x148 ./Inc/gpio.o
                0x080004a8                gpio_OFF
 .text.IRQ_Initial
                0x080005f0      0x22c ./Inc/gpio.o
                0x080005f0                IRQ_Initial
 .text.__NVIC_EnableIRQ
                0x0800081c       0x3c ./Inc/init.o
 .text.initIRQ  0x08000858       0xa4 ./Inc/init.o
                0x08000858                initIRQ
 .text.initKey  0x080008fc       0x28 ./Inc/init.o
                0x080008fc                initKey
 .text.initLED  0x08000924       0x18 ./Inc/init.o
                0x08000924                initLED
 .text.initTimer
                0x0800093c       0x84 ./Inc/init.o
                0x0800093c                initTimer
 .text.TIM2_IRQHandler
                0x080009c0       0x44 ./Inc/interrupt.o
                0x080009c0                TIM2_IRQHandler
 .text.TIM3_IRQHandler
                0x08000a04       0x3c ./Inc/interrupt.o
                0x08000a04                TIM3_IRQHandler
 .text.EXTI15_10_IRQHandler
                0x08000a40       0x4c ./Inc/interrupt.o
                0x08000a40                EXTI15_10_IRQHandler
 .text.EXTI9_5_IRQHandler
                0x08000a8c       0x28 ./Inc/interrupt.o
                0x08000a8c                EXTI9_5_IRQHandler
 .text.EXTI3_IRQHandler
                0x08000ab4       0x28 ./Inc/interrupt.o
                0x08000ab4                EXTI3_IRQHandler
 .text.EXTI2_IRQHandler
                0x08000adc       0x28 ./Inc/interrupt.o
                0x08000adc                EXTI2_IRQHandler
 .text.EXTI0_IRQHandler
                0x08000b04       0x28 ./Inc/interrupt.o
                0x08000b04                EXTI0_IRQHandler
 .text.column1  0x08000b2c      0x140 ./Inc/interrupt.o
                0x08000b2c                column1
 .text.column2  0x08000c6c       0xf8 ./Inc/interrupt.o
                0x08000c6c                column2
 .text.column3  0x08000d64       0xec ./Inc/interrupt.o
                0x08000d64                column3
 .text.column4  0x08000e50      0x1a4 ./Inc/interrupt.o
                0x08000e50                column4
 .text.init     0x08000ff4       0xa8 ./Inc/sevenseg.o
                0x08000ff4                init
 .text.seg1     0x0800109c       0x2e ./Inc/sevenseg.o
                0x0800109c                seg1
 .text.seg2     0x080010ca       0x5e ./Inc/sevenseg.o
                0x080010ca                seg2
 .text.seg3     0x08001128       0x5e ./Inc/sevenseg.o
                0x08001128                seg3
 .text.seg4     0x08001186       0x4e ./Inc/sevenseg.o
                0x08001186                seg4
 .text.seg5     0x080011d4       0x5e ./Inc/sevenseg.o
                0x080011d4                seg5
 .text.seg6     0x08001232       0x6e ./Inc/sevenseg.o
                0x08001232                seg6
 .text.seg7     0x080012a0       0x3e ./Inc/sevenseg.o
                0x080012a0                seg7
 .text.seg8     0x080012de       0x7e ./Inc/sevenseg.o
                0x080012de                seg8
 .text.seg9     0x0800135c       0x5e ./Inc/sevenseg.o
                0x0800135c                seg9
 .text.seg0     0x080013ba       0x6e ./Inc/sevenseg.o
                0x080013ba                seg0
 .text.segA     0x08001428       0x6e ./Inc/sevenseg.o
                0x08001428                segA
 .text.segB     0x08001496       0x5e ./Inc/sevenseg.o
                0x08001496                segB
 .text.segC     0x080014f4       0x4e ./Inc/sevenseg.o
                0x080014f4                segC
 .text.segD     0x08001542       0x5e ./Inc/sevenseg.o
                0x08001542                segD
 .text.singseg0
                0x080015a0       0x6e ./Inc/sevenseg.o
                0x080015a0                singseg0
 .text.singseg1
                0x0800160e       0x2e ./Inc/sevenseg.o
                0x0800160e                singseg1
 .text.singseg2
                0x0800163c       0x5e ./Inc/sevenseg.o
                0x0800163c                singseg2
 .text.singseg3
                0x0800169a       0x5e ./Inc/sevenseg.o
                0x0800169a                singseg3
 .text.singseg4
                0x080016f8       0x4e ./Inc/sevenseg.o
                0x080016f8                singseg4
 .text.singseg5
                0x08001746       0x5e ./Inc/sevenseg.o
                0x08001746                singseg5
 .text.singseg6
                0x080017a4       0x6e ./Inc/sevenseg.o
                0x080017a4                singseg6
 .text.singseg7
                0x08001812       0x3e ./Inc/sevenseg.o
                0x08001812                singseg7
 .text.singseg8
                0x08001850       0x7e ./Inc/sevenseg.o
                0x08001850                singseg8
 .text.singseg9
                0x080018ce       0x5e ./Inc/sevenseg.o
                0x080018ce                singseg9
 .text.dec      0x0800192c       0x1e ./Inc/sevenseg.o
                0x0800192c                dec
 .text.segment  0x0800194a       0xaa ./Inc/sevensegFunctions.o
                0x0800194a                segment
 .text.num      0x080019f4       0xb0 ./Inc/sevensegFunctions.o
                0x080019f4                num
 .text.numSing  0x08001aa4       0x80 ./Inc/sevensegFunctions.o
                0x08001aa4                numSing
 .text.upSeg    0x08001b24       0x78 ./Inc/sevensegFunctions.o
                0x08001b24                upSeg
 .text.upSingSeg
                0x08001b9c       0x2c ./Inc/sevensegFunctions.o
                0x08001b9c                upSingSeg
 .text.downSeg  0x08001bc8      0x140 ./Inc/sevensegFunctions.o
                0x08001bc8                downSeg
 .text.downSingSeg
                0x08001d08       0x2c ./Inc/sevensegFunctions.o
                0x08001d08                downSingSeg
 .text.placeHolder
                0x08001d34       0x8c ./Inc/sevensegFunctions.o
                0x08001d34                placeHolder
 .text.blink    0x08001dc0       0xae ./Inc/sevensegFunctions.o
                0x08001dc0                blink
 *fill*         0x08001e6e        0x2 
 .text.main     0x08001e70      0x14c ./Src/main.o
                0x08001e70                main
 .text.Reset_Handler
                0x08001fbc       0x50 ./Startup/startup_stm32f411retx.o
                0x08001fbc                Reset_Handler
 .text.Default_Handler
                0x0800200c        0x2 ./Startup/startup_stm32f411retx.o
                0x0800200c                RTC_Alarm_IRQHandler
                0x0800200c                DebugMon_Handler
                0x0800200c                SPI4_IRQHandler
                0x0800200c                TIM1_CC_IRQHandler
                0x0800200c                DMA2_Stream5_IRQHandler
                0x0800200c                HardFault_Handler
                0x0800200c                DMA1_Stream5_IRQHandler
                0x0800200c                SysTick_Handler
                0x0800200c                PVD_IRQHandler
                0x0800200c                SDIO_IRQHandler
                0x0800200c                TAMP_STAMP_IRQHandler
                0x0800200c                PendSV_Handler
                0x0800200c                NMI_Handler
                0x0800200c                TIM1_UP_TIM10_IRQHandler
                0x0800200c                I2C3_ER_IRQHandler
                0x0800200c                I2C2_EV_IRQHandler
                0x0800200c                DMA1_Stream2_IRQHandler
                0x0800200c                UsageFault_Handler
                0x0800200c                DMA2_Stream2_IRQHandler
                0x0800200c                SPI1_IRQHandler
                0x0800200c                TIM1_BRK_TIM9_IRQHandler
                0x0800200c                DMA2_Stream3_IRQHandler
                0x0800200c                USART6_IRQHandler
                0x0800200c                DMA2_Stream0_IRQHandler
                0x0800200c                TIM4_IRQHandler
                0x0800200c                I2C1_EV_IRQHandler
                0x0800200c                DMA1_Stream6_IRQHandler
                0x0800200c                DMA1_Stream1_IRQHandler
                0x0800200c                RCC_IRQHandler
                0x0800200c                Default_Handler
                0x0800200c                ADC_IRQHandler
                0x0800200c                DMA1_Stream7_IRQHandler
                0x0800200c                SPI5_IRQHandler
                0x0800200c                TIM5_IRQHandler
                0x0800200c                DMA2_Stream7_IRQHandler
                0x0800200c                I2C3_EV_IRQHandler
                0x0800200c                RTC_WKUP_IRQHandler
                0x0800200c                SPI2_IRQHandler
                0x0800200c                MemManage_Handler
                0x0800200c                DMA1_Stream0_IRQHandler
                0x0800200c                SVC_Handler
                0x0800200c                EXTI4_IRQHandler
                0x0800200c                WWDG_IRQHandler
                0x0800200c                OTG_FS_WKUP_IRQHandler
                0x0800200c                TIM1_TRG_COM_TIM11_IRQHandler
                0x0800200c                EXTI1_IRQHandler
                0x0800200c                USART2_IRQHandler
                0x0800200c                I2C2_ER_IRQHandler
                0x0800200c                DMA2_Stream1_IRQHandler
                0x0800200c                FLASH_IRQHandler
                0x0800200c                DMA2_Stream4_IRQHandler
                0x0800200c                BusFault_Handler
                0x0800200c                USART1_IRQHandler
                0x0800200c                OTG_FS_IRQHandler
                0x0800200c                SPI3_IRQHandler
                0x0800200c                DMA1_Stream4_IRQHandler
                0x0800200c                I2C1_ER_IRQHandler
                0x0800200c                DMA2_Stream6_IRQHandler
                0x0800200c                DMA1_Stream3_IRQHandler
 *fill*         0x0800200e        0x2 
 .text.__libc_init_array
                0x08002010       0x48 C:/ST/STM32CubeIDE_1.15.1/STM32CubeIDE/plugins/com.st.stm32cube.ide.mcu.externaltools.gnu-tools-for-stm32.12.3.rel1.win32_1.0.100.202403111256/tools/bin/../lib/gcc/arm-none-eabi/12.3.1/../../../../arm-none-eabi/lib/thumb/v7e-m+fp/hard\libc_nano.a(libc_a-init.o)
                0x08002010                __libc_init_array
 *(.glue_7)
 .glue_7        0x08002058        0x0 linker stubs
 *(.glue_7t)
 .glue_7t       0x08002058        0x0 linker stubs
 *(.eh_frame)
 .eh_frame      0x08002058        0x0 C:/ST/STM32CubeIDE_1.15.1/STM32CubeIDE/plugins/com.st.stm32cube.ide.mcu.externaltools.gnu-tools-for-stm32.12.3.rel1.win32_1.0.100.202403111256/tools/bin/../lib/gcc/arm-none-eabi/12.3.1/thumb/v7e-m+fp/hard/crtbegin.o
 *(.init)
 .init          0x08002058        0x4 C:/ST/STM32CubeIDE_1.15.1/STM32CubeIDE/plugins/com.st.stm32cube.ide.mcu.externaltools.gnu-tools-for-stm32.12.3.rel1.win32_1.0.100.202403111256/tools/bin/../lib/gcc/arm-none-eabi/12.3.1/thumb/v7e-m+fp/hard/crti.o
                0x08002058                _init
 .init          0x0800205c        0x8 C:/ST/STM32CubeIDE_1.15.1/STM32CubeIDE/plugins/com.st.stm32cube.ide.mcu.externaltools.gnu-tools-for-stm32.12.3.rel1.win32_1.0.100.202403111256/tools/bin/../lib/gcc/arm-none-eabi/12.3.1/thumb/v7e-m+fp/hard/crtn.o
 *(.fini)
 .fini          0x08002064        0x4 C:/ST/STM32CubeIDE_1.15.1/STM32CubeIDE/plugins/com.st.stm32cube.ide.mcu.externaltools.gnu-tools-for-stm32.12.3.rel1.win32_1.0.100.202403111256/tools/bin/../lib/gcc/arm-none-eabi/12.3.1/thumb/v7e-m+fp/hard/crti.o
                0x08002064                _fini
 .fini          0x08002068        0x8 C:/ST/STM32CubeIDE_1.15.1/STM32CubeIDE/plugins/com.st.stm32cube.ide.mcu.externaltools.gnu-tools-for-stm32.12.3.rel1.win32_1.0.100.202403111256/tools/bin/../lib/gcc/arm-none-eabi/12.3.1/thumb/v7e-m+fp/hard/crtn.o
                0x08002070                        . = ALIGN (0x4)
                0x08002070                        _etext = .

.vfp11_veneer   0x08002070        0x0
 .vfp11_veneer  0x08002070        0x0 linker stubs

.v4_bx          0x08002070        0x0
 .v4_bx         0x08002070        0x0 linker stubs

.iplt           0x08002070        0x0
 .iplt          0x08002070        0x0 C:/ST/STM32CubeIDE_1.15.1/STM32CubeIDE/plugins/com.st.stm32cube.ide.mcu.externaltools.gnu-tools-for-stm32.12.3.rel1.win32_1.0.100.202403111256/tools/bin/../lib/gcc/arm-none-eabi/12.3.1/thumb/v7e-m+fp/hard/crtbegin.o

.rodata         0x08002070        0x0
                0x08002070                        . = ALIGN (0x4)
 *(.rodata)
 *(.rodata*)
                0x08002070                        . = ALIGN (0x4)

.ARM.extab      0x08002070        0x0
                0x08002070                        . = ALIGN (0x4)
 *(.ARM.extab* .gnu.linkonce.armextab.*)
                0x08002070                        . = ALIGN (0x4)

.ARM            0x08002070        0x0
                0x08002070                        . = ALIGN (0x4)
                0x08002070                        __exidx_start = .
 *(.ARM.exidx*)
                0x08002070                        __exidx_end = .
                0x08002070                        . = ALIGN (0x4)

.preinit_array  0x08002070        0x0
                0x08002070                        . = ALIGN (0x4)
                0x08002070                        PROVIDE (__preinit_array_start = .)
 *(.preinit_array*)
                0x08002070                        PROVIDE (__preinit_array_end = .)
                0x08002070                        . = ALIGN (0x4)

.init_array     0x08002070        0x4
                0x08002070                        . = ALIGN (0x4)
                0x08002070                        PROVIDE (__init_array_start = .)
 *(SORT_BY_NAME(.init_array.*))
 *(.init_array*)
 .init_array    0x08002070        0x4 C:/ST/STM32CubeIDE_1.15.1/STM32CubeIDE/plugins/com.st.stm32cube.ide.mcu.externaltools.gnu-tools-for-stm32.12.3.rel1.win32_1.0.100.202403111256/tools/bin/../lib/gcc/arm-none-eabi/12.3.1/thumb/v7e-m+fp/hard/crtbegin.o
                0x08002074                        PROVIDE (__init_array_end = .)
                0x08002074                        . = ALIGN (0x4)

.fini_array     0x08002074        0x4
                0x08002074                        . = ALIGN (0x4)
                [!provide]                        PROVIDE (__fini_array_start = .)
 *(SORT_BY_NAME(.fini_array.*))
 *(.fini_array*)
 .fini_array    0x08002074        0x4 C:/ST/STM32CubeIDE_1.15.1/STM32CubeIDE/plugins/com.st.stm32cube.ide.mcu.externaltools.gnu-tools-for-stm32.12.3.rel1.win32_1.0.100.202403111256/tools/bin/../lib/gcc/arm-none-eabi/12.3.1/thumb/v7e-m+fp/hard/crtbegin.o
                [!provide]                        PROVIDE (__fini_array_end = .)
                0x08002078                        . = ALIGN (0x4)
                0x08002078                        _sidata = LOADADDR (.data)

.rel.dyn        0x08002078        0x0
 .rel.iplt      0x08002078        0x0 C:/ST/STM32CubeIDE_1.15.1/STM32CubeIDE/plugins/com.st.stm32cube.ide.mcu.externaltools.gnu-tools-for-stm32.12.3.rel1.win32_1.0.100.202403111256/tools/bin/../lib/gcc/arm-none-eabi/12.3.1/thumb/v7e-m+fp/hard/crtbegin.o

.data           0x20000000        0x0 load address 0x08002078
                0x20000000                        . = ALIGN (0x4)
                0x20000000                        _sdata = .
 *(.data)
 *(.data*)
 *(.RamFunc)
 *(.RamFunc*)
                0x20000000                        . = ALIGN (0x4)
                0x20000000                        _edata = .

.igot.plt       0x20000000        0x0 load address 0x08002078
 .igot.plt      0x20000000        0x0 C:/ST/STM32CubeIDE_1.15.1/STM32CubeIDE/plugins/com.st.stm32cube.ide.mcu.externaltools.gnu-tools-for-stm32.12.3.rel1.win32_1.0.100.202403111256/tools/bin/../lib/gcc/arm-none-eabi/12.3.1/thumb/v7e-m+fp/hard/crtbegin.o
                0x20000000                        . = ALIGN (0x4)

.bss            0x20000000       0x50 load address 0x08002078
                0x20000000                        _sbss = .
                0x20000000                        __bss_start__ = _sbss
 *(.bss)
 .bss           0x20000000       0x1c C:/ST/STM32CubeIDE_1.15.1/STM32CubeIDE/plugins/com.st.stm32cube.ide.mcu.externaltools.gnu-tools-for-stm32.12.3.rel1.win32_1.0.100.202403111256/tools/bin/../lib/gcc/arm-none-eabi/12.3.1/thumb/v7e-m+fp/hard/crtbegin.o
 *(.bss*)
 .bss.timer     0x2000001c        0x4 ./Inc/gpio.o
                0x2000001c                timer
 .bss.sec1      0x20000020        0x4 ./Inc/gpio.o
                0x20000020                sec1
 .bss.sec2      0x20000024        0x4 ./Inc/gpio.o
                0x20000024                sec2
 .bss.min1      0x20000028        0x4 ./Inc/gpio.o
                0x20000028                min1
 .bss.min2      0x2000002c        0x4 ./Inc/gpio.o
                0x2000002c                min2
 .bss.milsec    0x20000030        0x4 ./Inc/gpio.o
                0x20000030                milsec
 .bss.Mode      0x20000034        0x4 ./Inc/gpio.o
                0x20000034                Mode
 .bss.temp1     0x20000038        0x4 ./Inc/gpio.o
                0x20000038                temp1
 .bss.temp2     0x2000003c        0x4 ./Inc/gpio.o
                0x2000003c                temp2
 .bss.temp3     0x20000040        0x4 ./Inc/gpio.o
                0x20000040                temp3
 .bss.temp4     0x20000044        0x4 ./Inc/gpio.o
                0x20000044                temp4
 .bss.x         0x20000048        0x4 ./Inc/gpio.o
                0x20000048                x
 .bss.countdownDone
                0x2000004c        0x4 ./Inc/gpio.o
                0x2000004c                countdownDone
 *(COMMON)
                0x20000050                        . = ALIGN (0x4)
                0x20000050                        _ebss = .
                0x20000050                        __bss_end__ = _ebss

._user_heap_stack
                0x20000050      0x600 load address 0x08002078
                0x20000050                        . = ALIGN (0x8)
                [!provide]                        PROVIDE (end = .)
                0x20000050                        PROVIDE (_end = .)
                0x20000250                        . = (. + _Min_Heap_Size)
 *fill*         0x20000050      0x200 
                0x20000650                        . = (. + _Min_Stack_Size)
 *fill*         0x20000250      0x400 
                0x20000650                        . = ALIGN (0x8)

/DISCARD/
 libc.a(*)
 libm.a(*)
 libgcc.a(*)

.ARM.attributes
                0x00000000       0x30
 *(.ARM.attributes)
 .ARM.attributes
                0x00000000       0x22 C:/ST/STM32CubeIDE_1.15.1/STM32CubeIDE/plugins/com.st.stm32cube.ide.mcu.externaltools.gnu-tools-for-stm32.12.3.rel1.win32_1.0.100.202403111256/tools/bin/../lib/gcc/arm-none-eabi/12.3.1/thumb/v7e-m+fp/hard/crti.o
 .ARM.attributes
                0x00000022       0x34 C:/ST/STM32CubeIDE_1.15.1/STM32CubeIDE/plugins/com.st.stm32cube.ide.mcu.externaltools.gnu-tools-for-stm32.12.3.rel1.win32_1.0.100.202403111256/tools/bin/../lib/gcc/arm-none-eabi/12.3.1/thumb/v7e-m+fp/hard/crtbegin.o
 .ARM.attributes
                0x00000056       0x34 ./Inc/gpio.o
 .ARM.attributes
                0x0000008a       0x34 ./Inc/init.o
 .ARM.attributes
                0x000000be       0x34 ./Inc/interrupt.o
 .ARM.attributes
                0x000000f2       0x34 ./Inc/sevenseg.o
 .ARM.attributes
                0x00000126       0x34 ./Inc/sevensegFunctions.o
 .ARM.attributes
                0x0000015a       0x34 ./Src/main.o
 .ARM.attributes
                0x0000018e       0x21 ./Startup/startup_stm32f411retx.o
 .ARM.attributes
                0x000001af       0x34 C:/ST/STM32CubeIDE_1.15.1/STM32CubeIDE/plugins/com.st.stm32cube.ide.mcu.externaltools.gnu-tools-for-stm32.12.3.rel1.win32_1.0.100.202403111256/tools/bin/../lib/gcc/arm-none-eabi/12.3.1/../../../../arm-none-eabi/lib/thumb/v7e-m+fp/hard\libc_nano.a(libc_a-init.o)
 .ARM.attributes
                0x000001e3       0x22 C:/ST/STM32CubeIDE_1.15.1/STM32CubeIDE/plugins/com.st.stm32cube.ide.mcu.externaltools.gnu-tools-for-stm32.12.3.rel1.win32_1.0.100.202403111256/tools/bin/../lib/gcc/arm-none-eabi/12.3.1/thumb/v7e-m+fp/hard/crtn.o
OUTPUT(7digit.elf elf32-littlearm)
LOAD linker stubs
LOAD C:/ST/STM32CubeIDE_1.15.1/STM32CubeIDE/plugins/com.st.stm32cube.ide.mcu.externaltools.gnu-tools-for-stm32.12.3.rel1.win32_1.0.100.202403111256/tools/bin/../lib/gcc/arm-none-eabi/12.3.1/../../../../arm-none-eabi/lib/thumb/v7e-m+fp/hard\libc.a
LOAD C:/ST/STM32CubeIDE_1.15.1/STM32CubeIDE/plugins/com.st.stm32cube.ide.mcu.externaltools.gnu-tools-for-stm32.12.3.rel1.win32_1.0.100.202403111256/tools/bin/../lib/gcc/arm-none-eabi/12.3.1/../../../../arm-none-eabi/lib/thumb/v7e-m+fp/hard\libm.a
LOAD C:/ST/STM32CubeIDE_1.15.1/STM32CubeIDE/plugins/com.st.stm32cube.ide.mcu.externaltools.gnu-tools-for-stm32.12.3.rel1.win32_1.0.100.202403111256/tools/bin/../lib/gcc/arm-none-eabi/12.3.1/thumb/v7e-m+fp/hard\libgcc.a

.debug_info     0x00000000     0x1e00
 .debug_info    0x00000000      0xb3b ./Inc/gpio.o
 .debug_info    0x00000b3b      0x7d8 ./Inc/init.o
 .debug_info    0x00001313      0x434 ./Inc/interrupt.o
 .debug_info    0x00001747      0x271 ./Inc/sevenseg.o
 .debug_info    0x000019b8      0x2c6 ./Inc/sevensegFunctions.o
 .debug_info    0x00001c7e      0x152 ./Src/main.o
 .debug_info    0x00001dd0       0x30 ./Startup/startup_stm32f411retx.o

.debug_abbrev   0x00000000      0x7bf
 .debug_abbrev  0x00000000      0x25e ./Inc/gpio.o
 .debug_abbrev  0x0000025e      0x15a ./Inc/init.o
 .debug_abbrev  0x000003b8      0x15f ./Inc/interrupt.o
 .debug_abbrev  0x00000517       0x99 ./Inc/sevenseg.o
 .debug_abbrev  0x000005b0      0x15e ./Inc/sevensegFunctions.o
 .debug_abbrev  0x0000070e       0x8d ./Src/main.o
 .debug_abbrev  0x0000079b       0x24 ./Startup/startup_stm32f411retx.o

.debug_aranges  0x00000000      0x2a0
 .debug_aranges
                0x00000000       0x60 ./Inc/gpio.o
 .debug_aranges
                0x00000060       0x40 ./Inc/init.o
 .debug_aranges
                0x000000a0       0x70 ./Inc/interrupt.o
 .debug_aranges
                0x00000110       0xe8 ./Inc/sevenseg.o
 .debug_aranges
                0x000001f8       0x60 ./Inc/sevensegFunctions.o
 .debug_aranges
                0x00000258       0x20 ./Src/main.o
 .debug_aranges
                0x00000278       0x28 ./Startup/startup_stm32f411retx.o

.debug_rnglists
                0x00000000      0x1ea
 .debug_rnglists
                0x00000000       0x4a ./Inc/gpio.o
 .debug_rnglists
                0x0000004a       0x2d ./Inc/init.o
 .debug_rnglists
                0x00000077       0x53 ./Inc/interrupt.o
 .debug_rnglists
                0x000000ca       0xaa ./Inc/sevenseg.o
 .debug_rnglists
                0x00000174       0x49 ./Inc/sevensegFunctions.o
 .debug_rnglists
                0x000001bd       0x14 ./Src/main.o
 .debug_rnglists
                0x000001d1       0x19 ./Startup/startup_stm32f411retx.o

.debug_macro    0x00000000     0xe0fc
 .debug_macro   0x00000000       0xd2 ./Inc/gpio.o
 .debug_macro   0x000000d2      0xac6 ./Inc/gpio.o
 .debug_macro   0x00000b98       0x28 ./Inc/gpio.o
 .debug_macro   0x00000bc0       0x28 ./Inc/gpio.o
 .debug_macro   0x00000be8       0x22 ./Inc/gpio.o
 .debug_macro   0x00000c0a       0x8e ./Inc/gpio.o
 .debug_macro   0x00000c98       0x51 ./Inc/gpio.o
 .debug_macro   0x00000ce9      0x103 ./Inc/gpio.o
 .debug_macro   0x00000dec       0x6a ./Inc/gpio.o
 .debug_macro   0x00000e56      0x1df ./Inc/gpio.o
 .debug_macro   0x00001035       0x1c ./Inc/gpio.o
 .debug_macro   0x00001051       0x22 ./Inc/gpio.o
 .debug_macro   0x00001073       0xfb ./Inc/gpio.o
 .debug_macro   0x0000116e     0x1011 ./Inc/gpio.o
 .debug_macro   0x0000217f      0x11f ./Inc/gpio.o
 .debug_macro   0x0000229e     0xb953 ./Inc/gpio.o
 .debug_macro   0x0000dbf1       0x6d ./Inc/gpio.o
 .debug_macro   0x0000dc5e       0xdc ./Inc/init.o
 .debug_macro   0x0000dd3a      0x100 ./Inc/interrupt.o
 .debug_macro   0x0000de3a       0xdc ./Inc/sevenseg.o
 .debug_macro   0x0000df16       0xe6 ./Inc/sevensegFunctions.o
 .debug_macro   0x0000dffc      0x100 ./Src/main.o

.debug_line     0x00000000     0x33e7
 .debug_line    0x00000000      0xce7 ./Inc/gpio.o
 .debug_line    0x00000ce7      0x655 ./Inc/init.o
 .debug_line    0x0000133c      0x8fb ./Inc/interrupt.o
 .debug_line    0x00001c37      0x8c1 ./Inc/sevenseg.o
 .debug_line    0x000024f8      0x8aa ./Inc/sevensegFunctions.o
 .debug_line    0x00002da2      0x5ca ./Src/main.o
 .debug_line    0x0000336c       0x7b ./Startup/startup_stm32f411retx.o

.debug_str      0x00000000    0x504bb
 .debug_str     0x00000000    0x50219 ./Inc/gpio.o
                              0x503a8 (size before relaxing)
 .debug_str     0x00050219       0x7e ./Inc/init.o
                              0x50319 (size before relaxing)
 .debug_str     0x00050297      0x115 ./Inc/interrupt.o
                              0x4ff4d (size before relaxing)
 .debug_str     0x000503ac       0x85 ./Inc/sevenseg.o
                              0x4fe14 (size before relaxing)
 .debug_str     0x00050431       0x38 ./Inc/sevensegFunctions.o
                              0x4fec1 (size before relaxing)
 .debug_str     0x00050469       0x13 ./Src/main.o
                              0x4fde3 (size before relaxing)
 .debug_str     0x0005047c       0x3f ./Startup/startup_stm32f411retx.o
                                 0x79 (size before relaxing)

.comment        0x00000000       0x43
 .comment       0x00000000       0x43 ./Inc/gpio.o
                                 0x44 (size before relaxing)
 .comment       0x00000043       0x44 ./Inc/init.o
 .comment       0x00000043       0x44 ./Inc/interrupt.o
 .comment       0x00000043       0x44 ./Inc/sevenseg.o
 .comment       0x00000043       0x44 ./Inc/sevensegFunctions.o
 .comment       0x00000043       0x44 ./Src/main.o

.debug_frame    0x00000000      0x7e8
 .debug_frame   0x00000000      0x178 ./Inc/gpio.o
 .debug_frame   0x00000178       0xa8 ./Inc/init.o
 .debug_frame   0x00000220      0x148 ./Inc/interrupt.o
 .debug_frame   0x00000368      0x2e8 ./Inc/sevenseg.o
 .debug_frame   0x00000650      0x140 ./Inc/sevensegFunctions.o
 .debug_frame   0x00000790       0x2c ./Src/main.o
 .debug_frame   0x000007bc       0x2c C:/ST/STM32CubeIDE_1.15.1/STM32CubeIDE/plugins/com.st.stm32cube.ide.mcu.externaltools.gnu-tools-for-stm32.12.3.rel1.win32_1.0.100.202403111256/tools/bin/../lib/gcc/arm-none-eabi/12.3.1/../../../../arm-none-eabi/lib/thumb/v7e-m+fp/hard\libc_nano.a(libc_a-init.o)

.debug_line_str
                0x00000000       0x5d
 .debug_line_str
                0x00000000       0x5d ./Startup/startup_stm32f411retx.o
