../Inc/interrupt.c:5:6:TIM2_IRQHandler	8	static
../Inc/interrupt.c:24:6:TIM3_IRQHandler	8	static
../Inc/interrupt.c:41:6:EXTI15_10_IRQHandler	4	static
../Inc/interrupt.c:51:6:EXTI9_5_IRQHandler	8	static
../Inc/interrupt.c:61:6:EXTI3_IRQHandler	8	static
../Inc/interrupt.c:70:6:EXTI2_IRQHandler	8	static
../Inc/interrupt.c:79:6:EXTI0_IRQHandler	8	static
../Inc/interrupt.c:88:6:column1	8	static
../Inc/interrupt.c:141:6:column2	8	static
../Inc/interrupt.c:189:6:column3	8	static
../Inc/interrupt.c:235:6:column4	8	static
